
R version 2.10.0 Under development (unstable) (2009-06-18 r48792)
Copyright (C) 2009 The R Foundation for Statistical Computing
ISBN 3-900051-07-0

R is free software and comes with ABSOLUTELY NO WARRANTY.
You are welcome to redistribute it under certain conditions.
Type 'license()' or 'licence()' for distribution details.

  Natural language support but running in an English locale

R is a collaborative project with many contributors.
Type 'contributors()' for more information and
'citation()' on how to cite R or R packages in publications.

Type 'demo()' for some demos, 'help()' for on-line help, or
'help.start()' for an HTML browser interface to help.
Type 'q()' to quit R.

> options(warn=1)
> library(RODBC)
> library(MASS)
> USArrests[1,2] <- NA
> hills <- hills[1:15,]
> row.names(hills)[12] <- "Dollar ('$')"
> 
> channel <- odbcConnect("sqlite3")
> odbcGetInfo(channel)
          DBMS_Name            DBMS_Ver     Driver_ODBC_Ver    Data_Source_Name 
           "SQLite"             "3.5.9"             "03.00"           "sqlite3" 
        Driver_Name          Driver_Ver            ODBC_Ver         Server_Name 
   "sqlite3odbc.so"              "0.83"             "03.52" "/tmp/mysqlite3.db" 
> sqlTypeInfo(channel)
       TYPE_NAME DATA_TYPE COLUMN_SIZE LITERAL_PREFIX LITERAL_SUFFIX
1            bit        -7           1           <NA>           <NA>
2        tinyint        -6           3           <NA>           <NA>
3         bigint        -5          19           <NA>           <NA>
4  longvarbinary        -4       65536           <NA>           <NA>
5      varbinary        -3         255           <NA>           <NA>
6           text        -1       65536              '              '
7    longvarchar        -1       65536              '              '
8           char         1         255              '              '
9        integer         4           9           <NA>           <NA>
10      smallint         5           5           <NA>           <NA>
11         float         6           7           <NA>           <NA>
12        double         8          15           <NA>           <NA>
13       numeric         8          15           <NA>           <NA>
14       varchar        12         255              '              '
15          date        91          10              '              '
16          time        92           8              '              '
17     timestamp        93          32              '              '
   CREATE_PARAMS NULLABLE CASE_SENSITIVE SEARCHABLE UNSIGNED_ATTRIBUTE
1           <NA>        1              0          3                 NA
2           <NA>        1              0          3                  0
3           <NA>        1              0          3                  0
4           <NA>        1              0          3                 NA
5           <NA>        1              0          3                 NA
6         length        1              0          3                 NA
7         length        1              0          3                 NA
8         length        1              0          3                 NA
9           <NA>        1              0          3                  0
10          <NA>        1              0          3                  0
11          <NA>        1              0          3                  0
12          <NA>        1              0          3                  0
13          <NA>        1              0          3                  0
14        length        1              0          3                 NA
15          <NA>        1              0          3                 NA
16          <NA>        1              0          3                 NA
17          <NA>        1              0          3                 NA
   FIXED_PREC_SCALE AUTO_UNIQUE_VALUE LOCAL_TYPE_NAME MINIMUM_SCALE
1                 0                 0             bit            NA
2                 0                 0         tinyint            NA
3                 0                 0          bigint            NA
4                 0                 0   longvarbinary            NA
5                 0                 0       varbinary            NA
6                 0                 0            text            NA
7                 0                 0     longvarchar            NA
8                 0                 0            char            NA
9                 0                 0         integer            NA
10                0                 0        smallint            NA
11                0                 0           float            NA
12                0                 0          double            NA
13                0                 0         numeric            NA
14                0                 0         varchar            NA
15                0                 0            date            NA
16                0                 0            time            NA
17                0                 0       timestamp            NA
   MAXIMUM_SCALE SQL_DATA_TYPE SQL_DATETIME_SUB NUM_PREC_RADIX
1             NA            -7                0             NA
2             NA            -6                0             NA
3             NA            -5                0             NA
4             NA            -4                0             NA
5             NA            -3                0             NA
6             NA            -1                0             NA
7             NA            -1                0             NA
8             NA             1                0             NA
9             NA             4                0             NA
10            NA             5                0             NA
11            NA             6                0             NA
12            NA             8                0             NA
13            NA             8                0             NA
14            NA            12                0             NA
15            NA            91                0             NA
16            NA            92                0             NA
17            NA            93                0             NA
   INTERVAL_PRECISION
1                  NA
2                  NA
3                  NA
4                  NA
5                  NA
6                  NA
7                  NA
8                  NA
9                  NA
10                 NA
11                 NA
12                 NA
13                 NA
14                 NA
15                 NA
16                 NA
17                 NA
> sqlTables(channel)
  TABLE_CAT TABLE_SCHEM TABLE_NAME TABLE_TYPE REMARKS
1      <NA>        <NA>          A      TABLE    <NA>
2      <NA>        <NA>      Dtest      TABLE    <NA>
> sqlDrop(channel, "USArrests", errors = FALSE)
[1] -1
> sqlSave(channel, USArrests)
> sqlTables(channel)
  TABLE_CAT TABLE_SCHEM TABLE_NAME TABLE_TYPE REMARKS
1      <NA>        <NA>          A      TABLE    <NA>
2      <NA>        <NA>      Dtest      TABLE    <NA>
3      <NA>        <NA>  USArrests      TABLE    <NA>
> sqlColumns(channel, "USArrests")
  TABLE_CAT TABLE_SCHEM TABLE_NAME COLUMN_NAME DATA_TYPE    TYPE_NAME
1                        USArrests    rownames        12 varchar(255)
2                        USArrests      Murder         8       double
3                        USArrests     Assault         4      integer
4                        USArrests    UrbanPop         4      integer
5                        USArrests        Rape         8       double
  COLUMN_SIZE BUFFER_LENGTH DECIMAL_DIGITS NUM_PREC_RADIX NULLABLE REMARKS
1         255           255             10              0        1    <NA>
2          53            54             10              0        1    <NA>
3           9            10             10              0        1    <NA>
4           9            10             10              0        1    <NA>
5          53            54             10              0        1    <NA>
  COLUMN_DEF SQL_DATA_TYPE SQL_DATETIME_SUB CHAR_OCTET_LENGTH ORDINAL_POSITION
1       NULL            12               NA             16384                1
2       NULL             8               NA             16384                2
3       NULL             4               NA             16384                3
4       NULL             4               NA             16384                4
5       NULL             8               NA             16384                5
  IS_NULLABLE
1         YES
2         YES
3         YES
4         YES
5         YES
> sqlFetch(channel, "USArrests")
               Murder Assault UrbanPop Rape
Alabama          13.2      NA       58 21.2
Alaska           10.0     263       48 44.5
Arizona           8.1     294       80 31.0
Arkansas          8.8     190       50 19.5
California        9.0     276       91 40.6
Colorado          7.9     204       78 38.7
Connecticut       3.3     110       77 11.1
Delaware          5.9     238       72 15.8
Florida          15.4     335       80 31.9
Georgia          17.4     211       60 25.8
Hawaii            5.3      46       83 20.2
Idaho             2.6     120       54 14.2
Illinois         10.4     249       83 24.0
Indiana           7.2     113       65 21.0
Iowa              2.2      56       57 11.3
Kansas            6.0     115       66 18.0
Kentucky          9.7     109       52 16.3
Louisiana        15.4     249       66 22.2
Maine             2.1      83       51  7.8
Maryland         11.3     300       67 27.8
Massachusetts     4.4     149       85 16.3
Michigan         12.1     255       74 35.1
Minnesota         2.7      72       66 14.9
Mississippi      16.1     259       44 17.1
Missouri          9.0     178       70 28.2
Montana           6.0     109       53 16.4
Nebraska          4.3     102       62 16.5
Nevada           12.2     252       81 46.0
New Hampshire     2.1      57       56  9.5
New Jersey        7.4     159       89 18.8
New Mexico       11.4     285       70 32.1
New York         11.1     254       86 26.1
North Carolina   13.0     337       45 16.1
North Dakota      0.8      45       44  7.3
Ohio              7.3     120       75 21.4
Oklahoma          6.6     151       68 20.0
Oregon            4.9     159       67 29.3
Pennsylvania      6.3     106       72 14.9
Rhode Island      3.4     174       87  8.3
South Carolina   14.4     279       48 22.5
South Dakota      3.8      86       45 12.8
Tennessee        13.2     188       59 26.9
Texas            12.7     201       80 25.5
Utah              3.2     120       80 22.9
Vermont           2.2      48       32 11.2
Virginia          8.5     156       63 20.7
Washington        4.0     145       73 26.2
West Virginia     5.7      81       39  9.3
Wisconsin         2.6      53       66 10.8
Wyoming           6.8     161       60 15.6
> sqlQuery(channel, "select rownames, Murder from USArrests where Rape > 30 order by Murder")
    rownames Murder
1   Colorado    7.9
2    Arizona    8.1
3 California    9.0
4     Alaska   10.0
5 New Mexico   11.4
6   Michigan   12.1
7     Nevada   12.2
8    Florida   15.4
> foo <-  USArrests[1:3, 2, drop = FALSE]
> foo[1,1] <- 236
> sqlUpdate(channel, foo, "USArrests")
> sqlFetch(channel, "USArrests", max = 5)
           Murder Assault UrbanPop Rape
Alabama      13.2     236       58 21.2
Alaska       10.0     263       48 44.5
Arizona       8.1     294       80 31.0
Arkansas      8.8     190       50 19.5
California    9.0     276       91 40.6
> sqlFetchMore(channel, max = 8)
            Murder Assault UrbanPop Rape
Colorado       7.9     204       78 38.7
Connecticut    3.3     110       77 11.1
Delaware       5.9     238       72 15.8
Florida       15.4     335       80 31.9
Georgia       17.4     211       60 25.8
Hawaii         5.3      46       83 20.2
Idaho          2.6     120       54 14.2
Illinois      10.4     249       83 24.0
> sqlDrop(channel, "USArrests")
character(0)
> 
> dates <- as.character(seq(as.Date("2004-01-01"), by="week", length=10))
> times <- paste(1:10, "05", "00", sep=":")
> dt <- as.POSIXct(paste(dates, times))
> Dtest <- data.frame(dates, times, dt, logi=c(TRUE, NA, FALSE, FALSE, FALSE))
> varspec <- c("date", "time", "timestamp", "varchar(5)")
> names(varspec) <- names(Dtest)
> sqlDrop(channel, "Dtest", errors = FALSE)
[1] -2
> # fast=TRUE fails
> sqlSave(channel, Dtest, varTypes = varspec, verbose=TRUE)
Query: CREATE TABLE "Dtest"  ("rownames" varchar(255), "dates" date, "times" time, "dt" timestamp, "logi" varchar(5))
Query: INSERT INTO "Dtest" ( "rownames", "dates", "times", "dt", "logi" ) VALUES ( ?,?,?,?,? )
Binding: rownames: DataType 12
Binding: dates: DataType 91
Binding: times: DataType 92
Binding: dt: DataType 93
Binding: logi: DataType 12
Parameters:
no: 1: rownames 1/***/Warning in odbcUpdate(channel, query, mydata, paramdata, test = test, verbose = verbose,  :
  character data truncated in column 'dates'
no: 2: dates 2004-01-01/***/Warning in odbcUpdate(channel, query, mydata, paramdata, test = test, verbose = verbose,  :
  character data truncated in column 'times'
no: 3: times 1:05:00/***/Warning in odbcUpdate(channel, query, mydata, paramdata, test = test, verbose = verbose,  :
  character data truncated in column 'dt'
no: 4: dt 2004-01-01 01:05:00/***/no: 5: logi TRUE/***/
no: 1: rownames 2/***/Warning in odbcUpdate(channel, query, mydata, paramdata, test = test, verbose = verbose,  :
  character data truncated in column 'dates'
no: 2: dates 2004-01-08/***/Warning in odbcUpdate(channel, query, mydata, paramdata, test = test, verbose = verbose,  :
  character data truncated in column 'times'
no: 3: times 2:05:00/***/Warning in odbcUpdate(channel, query, mydata, paramdata, test = test, verbose = verbose,  :
  character data truncated in column 'dt'
no: 4: dt 2004-01-08 02:05:00/***/no: 5: logi NA/***/
no: 1: rownames 3/***/Warning in odbcUpdate(channel, query, mydata, paramdata, test = test, verbose = verbose,  :
  character data truncated in column 'dates'
no: 2: dates 2004-01-15/***/Warning in odbcUpdate(channel, query, mydata, paramdata, test = test, verbose = verbose,  :
  character data truncated in column 'times'
no: 3: times 3:05:00/***/Warning in odbcUpdate(channel, query, mydata, paramdata, test = test, verbose = verbose,  :
  character data truncated in column 'dt'
no: 4: dt 2004-01-15 03:05:00/***/no: 5: logi FALSE/***/
no: 1: rownames 4/***/Warning in odbcUpdate(channel, query, mydata, paramdata, test = test, verbose = verbose,  :
  character data truncated in column 'dates'
no: 2: dates 2004-01-22/***/Warning in odbcUpdate(channel, query, mydata, paramdata, test = test, verbose = verbose,  :
  character data truncated in column 'times'
no: 3: times 4:05:00/***/Warning in odbcUpdate(channel, query, mydata, paramdata, test = test, verbose = verbose,  :
  character data truncated in column 'dt'
no: 4: dt 2004-01-22 04:05:00/***/no: 5: logi FALSE/***/
no: 1: rownames 5/***/Warning in odbcUpdate(channel, query, mydata, paramdata, test = test, verbose = verbose,  :
  character data truncated in column 'dates'
no: 2: dates 2004-01-29/***/Warning in odbcUpdate(channel, query, mydata, paramdata, test = test, verbose = verbose,  :
  character data truncated in column 'times'
no: 3: times 5:05:00/***/Warning in odbcUpdate(channel, query, mydata, paramdata, test = test, verbose = verbose,  :
  character data truncated in column 'dt'
no: 4: dt 2004-01-29 05:05:00/***/no: 5: logi FALSE/***/
no: 1: rownames 6/***/Warning in odbcUpdate(channel, query, mydata, paramdata, test = test, verbose = verbose,  :
  character data truncated in column 'dates'
no: 2: dates 2004-02-05/***/Warning in odbcUpdate(channel, query, mydata, paramdata, test = test, verbose = verbose,  :
  character data truncated in column 'times'
no: 3: times 6:05:00/***/Warning in odbcUpdate(channel, query, mydata, paramdata, test = test, verbose = verbose,  :
  character data truncated in column 'dt'
no: 4: dt 2004-02-05 06:05:00/***/no: 5: logi TRUE/***/
no: 1: rownames 7/***/Warning in odbcUpdate(channel, query, mydata, paramdata, test = test, verbose = verbose,  :
  character data truncated in column 'dates'
no: 2: dates 2004-02-12/***/Warning in odbcUpdate(channel, query, mydata, paramdata, test = test, verbose = verbose,  :
  character data truncated in column 'times'
no: 3: times 7:05:00/***/Warning in odbcUpdate(channel, query, mydata, paramdata, test = test, verbose = verbose,  :
  character data truncated in column 'dt'
no: 4: dt 2004-02-12 07:05:00/***/no: 5: logi NA/***/
no: 1: rownames 8/***/Warning in odbcUpdate(channel, query, mydata, paramdata, test = test, verbose = verbose,  :
  character data truncated in column 'dates'
no: 2: dates 2004-02-19/***/Warning in odbcUpdate(channel, query, mydata, paramdata, test = test, verbose = verbose,  :
  character data truncated in column 'times'
no: 3: times 8:05:00/***/Warning in odbcUpdate(channel, query, mydata, paramdata, test = test, verbose = verbose,  :
  character data truncated in column 'dt'
no: 4: dt 2004-02-19 08:05:00/***/no: 5: logi FALSE/***/
no: 1: rownames 9/***/Warning in odbcUpdate(channel, query, mydata, paramdata, test = test, verbose = verbose,  :
  character data truncated in column 'dates'
no: 2: dates 2004-02-26/***/Warning in odbcUpdate(channel, query, mydata, paramdata, test = test, verbose = verbose,  :
  character data truncated in column 'times'
no: 3: times 9:05:00/***/Warning in odbcUpdate(channel, query, mydata, paramdata, test = test, verbose = verbose,  :
  character data truncated in column 'dt'
no: 4: dt 2004-02-26 09:05:00/***/no: 5: logi FALSE/***/
no: 1: rownames 10/***/Warning in odbcUpdate(channel, query, mydata, paramdata, test = test, verbose = verbose,  :
  character data truncated in column 'dates'
no: 2: dates 2004-03-04/***/Warning in odbcUpdate(channel, query, mydata, paramdata, test = test, verbose = verbose,  :
  character data truncated in column 'times'
no: 3: times 10:05:00/***/Warning in odbcUpdate(channel, query, mydata, paramdata, test = test, verbose = verbose,  :
  character data truncated in column 'dt'
no: 4: dt 2004-03-04 10:05:00/***/no: 5: logi FALSE/***/
> sqlColumns(channel, "Dtest")
  TABLE_CAT TABLE_SCHEM TABLE_NAME COLUMN_NAME DATA_TYPE    TYPE_NAME
1                            Dtest    rownames        12 varchar(255)
2                            Dtest       dates        91         date
3                            Dtest       times        92         time
4                            Dtest          dt        93    timestamp
5                            Dtest        logi        12   varchar(5)
  COLUMN_SIZE BUFFER_LENGTH DECIMAL_DIGITS NUM_PREC_RADIX NULLABLE REMARKS
1         255           255             10              0        1    <NA>
2           0            10             10              0        1    <NA>
3           0             8             10              0        1    <NA>
4           0            32             10              0        1    <NA>
5           5             5             10              0        1    <NA>
  COLUMN_DEF SQL_DATA_TYPE SQL_DATETIME_SUB CHAR_OCTET_LENGTH ORDINAL_POSITION
1       NULL            12               NA             16384                1
2       NULL            91               NA             16384                2
3       NULL            92               NA             16384                3
4       NULL            93               NA             16384                4
5       NULL            12               NA             16384                5
  IS_NULLABLE
1         YES
2         YES
3         YES
4         YES
5         YES
> sqlFetch(channel, "Dtest", as.is=T)
   dates times dt  logi
1                  TRUE
2                  <NA>
3                 FALSE
4                 FALSE
5                 FALSE
6                  TRUE
7                  <NA>
8                 FALSE
9                 FALSE
10                FALSE
> sqlDrop(channel, "Dtest", errors = FALSE)
[1] -2
> sqlDrop(channel, "Dtest", errors = FALSE)
[1] -1
> sqlSave(channel, Dtest, varTypes = varspec, fast=FALSE)
> sqlColumns(channel, "Dtest")
  TABLE_CAT TABLE_SCHEM TABLE_NAME COLUMN_NAME DATA_TYPE    TYPE_NAME
1                            Dtest    rownames        12 varchar(255)
2                            Dtest       dates        91         date
3                            Dtest       times        92         time
4                            Dtest          dt        93    timestamp
5                            Dtest        logi        12   varchar(5)
  COLUMN_SIZE BUFFER_LENGTH DECIMAL_DIGITS NUM_PREC_RADIX NULLABLE REMARKS
1         255           255             10              0        1    <NA>
2           0            10             10              0        1    <NA>
3           0             8             10              0        1    <NA>
4           0            32             10              0        1    <NA>
5           5             5             10              0        1    <NA>
  COLUMN_DEF SQL_DATA_TYPE SQL_DATETIME_SUB CHAR_OCTET_LENGTH ORDINAL_POSITION
1       NULL            12               NA             16384                1
2       NULL            91               NA             16384                2
3       NULL            92               NA             16384                3
4       NULL            93               NA             16384                4
5       NULL            12               NA             16384                5
  IS_NULLABLE
1         YES
2         YES
3         YES
4         YES
5         YES
> sqlFetch(channel, "Dtest")
        dates    times                  dt  logi
1  2004-01-01  1:05:00 2004-01-01 01:05:00  TRUE
2  2004-01-08  2:05:00 2004-01-08 02:05:00  <NA>
3  2004-01-15  3:05:00 2004-01-15 03:05:00 FALSE
4  2004-01-22  4:05:00 2004-01-22 04:05:00 FALSE
5  2004-01-29  5:05:00 2004-01-29 05:05:00 FALSE
6  2004-02-05  6:05:00 2004-02-05 06:05:00  TRUE
7  2004-02-12  7:05:00 2004-02-12 07:05:00  <NA>
8  2004-02-19  8:05:00 2004-02-19 08:05:00 FALSE
9  2004-02-26  9:05:00 2004-02-26 09:05:00 FALSE
10 2004-03-04 10:05:00 2004-03-04 10:05:00 FALSE
> # This retrieves TRUE as " TRUE" and so returns a factor.
> sqlDrop(channel, "Dtest")
character(0)
> 
> 
> sqlDrop(channel, "hills test", errors = FALSE)
[1] -1
> sqlSave(channel, hills, "hills test", verbose=TRUE)
Query: CREATE TABLE "hills test"  ("rownames" varchar(255), "dist" double, "climb" integer, "time" double)
Query: INSERT INTO "hills test" ( "rownames", "dist", "climb", "time" ) VALUES ( ?,?,?,? )
Binding: rownames: DataType 12
Binding: dist: DataType 8
Binding: climb: DataType 4
Binding: time: DataType 8
Parameters:
no: 1: rownames Greenmantle/***/no: 2: dist 2.5/***/no: 3: climb 650/***/no: 4: time 16.083/***/
no: 1: rownames Carnethy/***/no: 2: dist 6/***/no: 3: climb 2500/***/no: 4: time 48.35/***/
no: 1: rownames Craig Dunain/***/no: 2: dist 6/***/no: 3: climb 900/***/no: 4: time 33.65/***/
no: 1: rownames Ben Rha/***/no: 2: dist 7.5/***/no: 3: climb 800/***/no: 4: time 45.6/***/
no: 1: rownames Ben Lomond/***/no: 2: dist 8/***/no: 3: climb 3070/***/no: 4: time 62.267/***/
no: 1: rownames Goatfell/***/no: 2: dist 8/***/no: 3: climb 2866/***/no: 4: time 73.217/***/
no: 1: rownames Bens of Jura/***/no: 2: dist 16/***/no: 3: climb 7500/***/no: 4: time 204.617/***/
no: 1: rownames Cairnpapple/***/no: 2: dist 6/***/no: 3: climb 800/***/no: 4: time 36.367/***/
no: 1: rownames Scolty/***/no: 2: dist 5/***/no: 3: climb 800/***/no: 4: time 29.75/***/
no: 1: rownames Traprain/***/no: 2: dist 6/***/no: 3: climb 650/***/no: 4: time 39.75/***/
no: 1: rownames Lairig Ghru/***/no: 2: dist 28/***/no: 3: climb 2100/***/no: 4: time 192.667/***/
no: 1: rownames Dollar ('$')/***/no: 2: dist 5/***/no: 3: climb 2000/***/no: 4: time 43.05/***/
no: 1: rownames Lomonds/***/no: 2: dist 9.5/***/no: 3: climb 2200/***/no: 4: time 65/***/
no: 1: rownames Cairn Table/***/no: 2: dist 6/***/no: 3: climb 500/***/no: 4: time 44.133/***/
no: 1: rownames Eildon Two/***/no: 2: dist 4.5/***/no: 3: climb 1500/***/no: 4: time 26.933/***/
> sqlUpdate(channel, hills[11:15,], "hills test", verbose=TRUE, fast=TRUE)
Query: UPDATE "hills test" SET "dist"=?, "climb"=?, "time"=? WHERE "rownames"=?
Binding: dist: DataType 8
Binding: climb: DataType 4
Binding: time: DataType 8
Binding: rownames: DataType 12
Parameters:
no: 1: dist 28/***/no: 2: climb 2100/***/no: 3: time 192.667/***/no: 4: rownames Lairig Ghru/***/
no: 1: dist 5/***/no: 2: climb 2000/***/no: 3: time 43.05/***/no: 4: rownames Dollar ('$')/***/
no: 1: dist 9.5/***/no: 2: climb 2200/***/no: 3: time 65/***/no: 4: rownames Lomonds/***/
no: 1: dist 6/***/no: 2: climb 500/***/no: 3: time 44.133/***/no: 4: rownames Cairn Table/***/
no: 1: dist 4.5/***/no: 2: climb 1500/***/no: 3: time 26.933/***/no: 4: rownames Eildon Two/***/
> sqlFetch(channel, "hills test")
             dist climb    time
Greenmantle   2.5   650  16.083
Carnethy      6.0  2500  48.350
Craig Dunain  6.0   900  33.650
Ben Rha       7.5   800  45.600
Ben Lomond    8.0  3070  62.267
Goatfell      8.0  2866  73.217
Bens of Jura 16.0  7500 204.617
Cairnpapple   6.0   800  36.367
Scolty        5.0   800  29.750
Traprain      6.0   650  39.750
Lairig Ghru  28.0  2100 192.667
Dollar ('$')  5.0  2000  43.050
Lomonds       9.5  2200  65.000
Cairn Table   6.0   500  44.133
Eildon Two    4.5  1500  26.933
> sqlDrop(channel, "hills test")
character(0)
> sqlSave(channel, hills, "hills test", verbose=TRUE, fast=FALSE)
Query: CREATE TABLE "hills test"  ("rownames" varchar(255), "dist" double, "climb" integer, "time" double)
Query: INSERT INTO "hills test" ( "rownames", "dist", "climb", "time" ) VALUES ( 'Greenmantle',  2.5,  650,  16.083 )
Query: INSERT INTO "hills test" ( "rownames", "dist", "climb", "time" ) VALUES ( 'Carnethy',  6.0, 2500,  48.350 )
Query: INSERT INTO "hills test" ( "rownames", "dist", "climb", "time" ) VALUES ( 'Craig Dunain',  6.0,  900,  33.650 )
Query: INSERT INTO "hills test" ( "rownames", "dist", "climb", "time" ) VALUES ( 'Ben Rha',  7.5,  800,  45.600 )
Query: INSERT INTO "hills test" ( "rownames", "dist", "climb", "time" ) VALUES ( 'Ben Lomond',  8.0, 3070,  62.267 )
Query: INSERT INTO "hills test" ( "rownames", "dist", "climb", "time" ) VALUES ( 'Goatfell',  8.0, 2866,  73.217 )
Query: INSERT INTO "hills test" ( "rownames", "dist", "climb", "time" ) VALUES ( 'Bens of Jura', 16.0, 7500, 204.617 )
Query: INSERT INTO "hills test" ( "rownames", "dist", "climb", "time" ) VALUES ( 'Cairnpapple',  6.0,  800,  36.367 )
Query: INSERT INTO "hills test" ( "rownames", "dist", "climb", "time" ) VALUES ( 'Scolty',  5.0,  800,  29.750 )
Query: INSERT INTO "hills test" ( "rownames", "dist", "climb", "time" ) VALUES ( 'Traprain',  6.0,  650,  39.750 )
Query: INSERT INTO "hills test" ( "rownames", "dist", "climb", "time" ) VALUES ( 'Lairig Ghru', 28.0, 2100, 192.667 )
Query: INSERT INTO "hills test" ( "rownames", "dist", "climb", "time" ) VALUES ( 'Dollar (''$'')',  5.0, 2000,  43.050 )
Query: INSERT INTO "hills test" ( "rownames", "dist", "climb", "time" ) VALUES ( 'Lomonds',  9.5, 2200,  65.000 )
Query: INSERT INTO "hills test" ( "rownames", "dist", "climb", "time" ) VALUES ( 'Cairn Table',  6.0,  500,  44.133 )
Query: INSERT INTO "hills test" ( "rownames", "dist", "climb", "time" ) VALUES ( 'Eildon Two',  4.5, 1500,  26.933 )
> sqlUpdate(channel, hills[11:15,], "hills test", verbose=TRUE, fast=FALSE)
Query: UPDATE "hills test" SET "dist"=28.0, "climb"=2100, "time"=192.667 WHERE "rownames"='Lairig Ghru'
Query: UPDATE "hills test" SET "dist"= 5.0, "climb"=2000, "time"= 43.050 WHERE "rownames"='Dollar (''$'')'
Query: UPDATE "hills test" SET "dist"= 9.5, "climb"=2200, "time"= 65.000 WHERE "rownames"='Lomonds'
Query: UPDATE "hills test" SET "dist"= 6.0, "climb"= 500, "time"= 44.133 WHERE "rownames"='Cairn Table'
Query: UPDATE "hills test" SET "dist"= 4.5, "climb"=1500, "time"= 26.933 WHERE "rownames"='Eildon Two'
> sqlDrop(channel, "hills test")
character(0)
> 
> close(channel)
> 
> proc.time()
   user  system elapsed 
  0.571   0.066   0.679 
